// Jest Snapshot v1, https://goo.gl/fbAQLP

exports[`Home page matches snapshot 1`] = `
<DocumentFragment>
  <div
    class="p-2"
    data-testid="div-container"
    style="font-family: Fira Code;"
  >
    <h1
      class="fw-bold"
      data-testid="text-start"
    >
      Bem-Vindo(a)
    </h1>
    <hr
      class="text-muted"
      data-testid="separator"
    />
    <div
      class="col-12 p-2"
      data-testid="container-card-1"
    >
      <div
        class="card shadow"
        data-testid="card-image-1"
      >
        <div
          style="display: inline-block; max-width: 100%; overflow: hidden; position: relative; box-sizing: border-box; margin: 0px;"
        >
          <div
            style="box-sizing: border-box; display: block; max-width: 100%;"
          >
            <img
              alt=""
              aria-hidden="true"
              src="data:image/svg+xml;base64,PHN2ZyB3aWR0aD0iMTkyMCIgaGVpZ2h0PSIxMDgwIiB4bWxucz0iaHR0cDovL3d3dy53My5vcmcvMjAwMC9zdmciIHZlcnNpb249IjEuMSIvPg=="
              style="max-width: 100%; display: block; margin: 0px; padding: 0px;"
            />
          </div>
          <img
            alt="Tecnologia & Inovação"
            class="cursor-pointer card-img-top border border-primary"
            data-nimg="intrinsic"
            data-testid="image-1"
            decoding="async"
            src="data:image/gif;base64,R0lGODlhAQABAIAAAAAAAP///yH5BAEAAAAALAAAAAABAAEAAAIBRAA7"
            style="position: absolute; top: 0px; left: 0px; bottom: 0px; right: 0px; box-sizing: border-box; padding: 0px; margin: auto; display: block; width: 0px; height: 0px; min-width: 100%; max-width: 100%; min-height: 100%; max-height: 100%;"
          />
          <noscript />
        </div>
        <div
          class="card-body bg-primary bg-gradient text-secondary overflow-auto"
          data-testid="card-body-1"
          style="height: 10rem;"
        >
          <h5
            class="card-title"
            data-testid="card-body-1-title"
          >
            Nosso principal objetivo com essa renovação digital é integrar o que temos de mais importante, você!
          </h5>
          <hr
            class="text-white"
            data-testid="card-separator-1"
          />
          <p
            class="card-text text-white fs-6"
            data-testid="card-text-1"
          >
            Queremos que nossos clientes tenham suas informações de qualquer lugar.
          </p>
        </div>
      </div>
    </div>
    <div
      class="d-flex flex-column flex-md-row"
      data-testid="container-card-2"
    >
      <div
        class="col-12 col-md-6 p-2"
        data-testid="card-2-col-1"
      >
        <div
          class="card shadow"
          data-testid="card-2-1"
        >
          <div
            style="display: inline-block; max-width: 100%; overflow: hidden; position: relative; box-sizing: border-box; margin: 0px;"
          >
            <div
              style="box-sizing: border-box; display: block; max-width: 100%;"
            >
              <img
                alt=""
                aria-hidden="true"
                src="data:image/svg+xml;base64,PHN2ZyB3aWR0aD0iMTkyMCIgaGVpZ2h0PSIxMDgwIiB4bWxucz0iaHR0cDovL3d3dy53My5vcmcvMjAwMC9zdmciIHZlcnNpb249IjEuMSIvPg=="
                style="max-width: 100%; display: block; margin: 0px; padding: 0px;"
              />
            </div>
            <img
              alt="Notebook"
              class="cursor-pointer card-img-top border border-primary"
              data-nimg="intrinsic"
              data-testid="image-2-1"
              decoding="async"
              src="data:image/gif;base64,R0lGODlhAQABAIAAAAAAAP///yH5BAEAAAAALAAAAAABAAEAAAIBRAA7"
              style="position: absolute; top: 0px; left: 0px; bottom: 0px; right: 0px; box-sizing: border-box; padding: 0px; margin: auto; display: block; width: 0px; height: 0px; min-width: 100%; max-width: 100%; min-height: 100%; max-height: 100%;"
            />
            <noscript />
          </div>
          <div
            class="card-body bg-primary bg-gradient text-secondary overflow-auto"
            data-testid="card-2-body-1"
            style="height: 10rem;"
          >
            <h5
              class="card-title"
              data-testid="card-2-title-1"
            >
              Use como preferir
            </h5>
            <hr
              class="text-white"
              data-testid="card-2-separator-1"
            />
            <p
              class="card-text text-white fs-6"
              data-testid="card-2-text-1"
            >
              O ambiente digital interativo foi pensado para ser flexível, você pode usar pelo computador, tablet ou smartphone.
            </p>
          </div>
        </div>
      </div>
      <div
        class="col-12 col-md-6 p-2"
        data-testid="card-2-col-2"
      >
        <div
          class="card shadow"
          data-testid="card-2-2"
        >
          <div
            style="display: inline-block; max-width: 100%; overflow: hidden; position: relative; box-sizing: border-box; margin: 0px;"
          >
            <div
              style="box-sizing: border-box; display: block; max-width: 100%;"
            >
              <img
                alt=""
                aria-hidden="true"
                src="data:image/svg+xml;base64,PHN2ZyB3aWR0aD0iMTkyMCIgaGVpZ2h0PSIxMDgwIiB4bWxucz0iaHR0cDovL3d3dy53My5vcmcvMjAwMC9zdmciIHZlcnNpb249IjEuMSIvPg=="
                style="max-width: 100%; display: block; margin: 0px; padding: 0px;"
              />
            </div>
            <img
              alt="Aula Online"
              class="cursor-pointer card-img-top border border-primary"
              data-nimg="intrinsic"
              data-testid="image-2-2"
              decoding="async"
              src="data:image/gif;base64,R0lGODlhAQABAIAAAAAAAP///yH5BAEAAAAALAAAAAABAAEAAAIBRAA7"
              style="position: absolute; top: 0px; left: 0px; bottom: 0px; right: 0px; box-sizing: border-box; padding: 0px; margin: auto; display: block; width: 0px; height: 0px; min-width: 100%; max-width: 100%; min-height: 100%; max-height: 100%;"
            />
            <noscript />
          </div>
          <div
            class="card-body bg-primary bg-gradient text-secondary overflow-auto"
            data-testid="card-2-body-2"
            style="height: 10rem;"
          >
            <h5
              class="card-title"
              data-testid="card-2-title-2"
            >
              Capacita-se conosco
            </h5>
            <hr
              class="text-white"
              data-testid="card-2-separator-2"
            />
            <p
              class="card-text text-white fs-6"
              data-testid="card-2-text-2"
            >
              Seja você um entusiasta ou um profissional do segmento, temos cursos para você aumentar suas habilidades.
            </p>
          </div>
        </div>
      </div>
    </div>
  </div>
</DocumentFragment>
`;
